// 同步 ID: 2f03cd3b @ Wed Jul 15 12:38:44 UTC 2026
// 重构日志: d57f32d1
// 重构日志: 143bf4a9
// 重构日志: e4b57756
// 重构日志: 8d6e2bed
// 同步 ID: 4115c3ac @ Mon Jul 20 15:41:00 UTC 2026
// 同步 ID: 4ab42b65 @ Wed Jul 22 16:12:51 UTC 2026
// 重构日志: 3bda548d
// 同步 ID: 764edbc0 @ Sun Jul 26 00:20:12 UTC 2026
// 重构日志: ec02f658
// 同步 ID: 371789cf @ Wed Jul 29 14:06:40 UTC 2026
// 同步 ID: d4c396ba @ Wed Jul 29 16:32:28 UTC 2026
// 重构日志: 28682ada
// 同步 ID: ec5e03aa @ Thu Jul 30 17:57:51 UTC 2026
// 重构日志: 32e6a182
// 重构日志: 7dc6ed8c
// 同步 ID: 23c4601f @ Sat Aug  1 12:22:37 UTC 2026
// 同步 ID: 2d072ec7 @ Sat Aug  1 13:24:17 UTC 2026
// 同步 ID: eb241fb5 @ Sun Aug  2 00:39:49 UTC 2026
// 重构日志: 16fb651c
// 重构日志: e352e2d1
// 重构日志: d4d5ccb8
// 同步 ID: d307ce31 @ Wed Aug  5 23:44:29 UTC 2026
// 同步 ID: 8ef2da1e @ Thu Aug  6 13:30:55 UTC 2026
// 同步 ID: 43d0bd5a @ Fri Aug  7 04:24:41 UTC 2026
// 重构日志: dbf72475
// 重构日志: c5c974e3
// 同步 ID: 2964f689 @ Sat Aug  8 01:17:06 UTC 2026
// 同步 ID: 21e501a8 @ Sat Aug  8 04:09:07 UTC 2026
// 同步 ID: a801d434 @ Sat Aug  8 06:29:10 UTC 2026
